
> taller-muebles@0.1.0 dev
> next dev --hostname 127.0.0.1 --port 3000

▲ Next.js 16.2.7 (Turbopack)
- Local:         http://127.0.0.1:3000
- Network:       http://127.0.0.1:3000
- Environments: .env.local
✓ Ready in 751ms

 GET /login 200 in 1024ms (next.js: 807ms, application-code: 218ms)
 GET /login 200 in 46ms (next.js: 6ms, application-code: 40ms)
 GET /login 200 in 50ms (next.js: 6ms, application-code: 44ms)
 GET /admin 200 in 165ms (next.js: 87ms, application-code: 78ms)
 POST /login 303 in 221ms (next.js: 4ms, application-code: 217ms)
  └─ ƒ requestLogin({"message":"","status":"idle"}, {}) in 9ms src/app/login/actions.ts
 GET /admin 200 in 248ms (next.js: 6ms, application-code: 242ms)
 GET /admin 200 in 237ms (next.js: 8ms, application-code: 229ms)
 GET /admin/orders/2f8b7a1a-dae0-43f2-ad81-13b56f8b48f9 200 in 1571ms (next.js: 1054ms, application-code: 517ms)
 GET /admin/orders/new 200 in 350ms (next.js: 52ms, application-code: 298ms)
 GET /taller 307 in 150ms (next.js: 57ms, application-code: 93ms)
 GET /admin 200 in 141ms (next.js: 6ms, application-code: 135ms)
 GET /admin/stock 200 in 434ms (next.js: 81ms, application-code: 353ms)
 GET /admin/users 200 in 359ms (next.js: 75ms, application-code: 284ms)
 GET /admin/users 200 in 447ms (next.js: 254ms, application-code: 194ms)
 GET /admin/users 200 in 347ms (next.js: 201ms, application-code: 146ms)
 GET /admin/users 200 in 332ms (next.js: 192ms, application-code: 139ms)
 GET /admin/users 200 in 373ms (next.js: 211ms, application-code: 161ms)
✓ Compiled in 77ms
 GET /admin/users 200 in 401ms (next.js: 262ms, application-code: 139ms)
 GET /admin/users 200 in 373ms (next.js: 212ms, application-code: 160ms)
 GET /admin/users 200 in 556ms (next.js: 223ms, application-code: 333ms)
 GET /admin/users 200 in 249ms (next.js: 7ms, application-code: 242ms)
 GET /admin/users 200 in 200ms (next.js: 17ms, application-code: 183ms)
 GET /admin/users 200 in 200ms (next.js: 75ms, application-code: 125ms)
✓ Compiled in 103ms
 GET /admin/users 200 in 666ms (next.js: 382ms, application-code: 283ms)
 GET /admin/users 200 in 133ms (next.js: 26ms, application-code: 107ms)
✓ Compiled in 138ms
 GET /admin/users 200 in 573ms (next.js: 218ms, application-code: 355ms)
 GET /admin/users 200 in 355ms (next.js: 6ms, application-code: 349ms)
 GET /admin/users 200 in 312ms (next.js: 46ms, application-code: 267ms)
 GET /admin/users 200 in 315ms (next.js: 11ms, application-code: 304ms)
 GET /admin/users 200 in 314ms (next.js: 111ms, application-code: 203ms)
 GET /admin/users 200 in 316ms (next.js: 74ms, application-code: 242ms)
 GET /admin/users 200 in 350ms (next.js: 14ms, application-code: 336ms)
 GET /admin/users 200 in 364ms (next.js: 10ms, application-code: 354ms)
 GET /admin/users 200 in 327ms (next.js: 12ms, application-code: 314ms)
 GET /admin/users 200 in 327ms (next.js: 58ms, application-code: 269ms)
 GET /admin/users 200 in 329ms (next.js: 94ms, application-code: 235ms)
 GET /admin/users 200 in 328ms (next.js: 123ms, application-code: 205ms)
 GET /admin/users 200 in 301ms (next.js: 15ms, application-code: 286ms)
 GET /admin/users 200 in 311ms (next.js: 11ms, application-code: 299ms)
 GET /admin/users 200 in 280ms (next.js: 9ms, application-code: 272ms)
 GET /admin/users 200 in 279ms (next.js: 40ms, application-code: 238ms)
 GET /admin/users 200 in 248ms (next.js: 43ms, application-code: 205ms)
 GET /admin/users 200 in 255ms (next.js: 45ms, application-code: 209ms)
 GET /admin/users 200 in 281ms (next.js: 8ms, application-code: 273ms)
 GET /admin/users 200 in 240ms (next.js: 9ms, application-code: 232ms)
 GET /admin/users 200 in 202ms (next.js: 7ms, application-code: 194ms)
 GET /admin/users 200 in 202ms (next.js: 36ms, application-code: 166ms)
 GET /admin/users 200 in 137ms (next.js: 9ms, application-code: 128ms)
 GET /admin 200 in 764ms (next.js: 229ms, application-code: 536ms)
 GET /admin 200 in 161ms (next.js: 5ms, application-code: 155ms)
 GET /login 200 in 294ms (next.js: 199ms, application-code: 95ms)
 POST /admin 303 in 354ms (next.js: 7ms, application-code: 346ms)
  └─ ƒ logout() in 3ms src/app/login/actions.ts
 GET /login 200 in 561ms (next.js: 229ms, application-code: 332ms)
 GET /login 200 in 236ms (next.js: 7ms, application-code: 229ms)
 GET /login 200 in 271ms (next.js: 41ms, application-code: 230ms)
 GET /login 200 in 273ms (next.js: 8ms, application-code: 265ms)
 GET /login 200 in 272ms (next.js: 126ms, application-code: 146ms)
 GET /login 200 in 274ms (next.js: 79ms, application-code: 195ms)
 GET /login 200 in 286ms (next.js: 8ms, application-code: 277ms)
 GET /login 200 in 242ms (next.js: 6ms, application-code: 235ms)
 GET /login 200 in 281ms (next.js: 9ms, application-code: 272ms)
 GET /login 200 in 282ms (next.js: 48ms, application-code: 233ms)
 GET /login 200 in 282ms (next.js: 95ms, application-code: 187ms)
 GET /login 200 in 282ms (next.js: 135ms, application-code: 147ms)
 GET /login 200 in 232ms (next.js: 8ms, application-code: 224ms)
 GET /login 200 in 185ms (next.js: 7ms, application-code: 178ms)
 GET /login 200 in 171ms (next.js: 7ms, application-code: 164ms)
 GET /login 200 in 171ms (next.js: 32ms, application-code: 138ms)
 GET /login 200 in 201ms (next.js: 60ms, application-code: 141ms)
 GET /login 200 in 204ms (next.js: 87ms, application-code: 117ms)
 GET /login 200 in 240ms (next.js: 6ms, application-code: 234ms)
 GET /login 200 in 210ms (next.js: 8ms, application-code: 202ms)
 GET /login 200 in 254ms (next.js: 37ms, application-code: 217ms)
 GET /login 200 in 257ms (next.js: 8ms, application-code: 248ms)
 GET /login 200 in 287ms (next.js: 65ms, application-code: 222ms)
 GET /login 200 in 189ms (next.js: 11ms, application-code: 178ms)
 GET /login 200 in 252ms (next.js: 7ms, application-code: 245ms)
 GET /login 200 in 172ms (next.js: 7ms, application-code: 165ms)
 GET /login 200 in 164ms (next.js: 11ms, application-code: 153ms)
 GET /login 200 in 162ms (next.js: 36ms, application-code: 126ms)
 GET /login 200 in 158ms (next.js: 37ms, application-code: 120ms)
 GET /login 200 in 131ms (next.js: 35ms, application-code: 96ms)
 GET /login 200 in 202ms (next.js: 6ms, application-code: 196ms)
 GET /login 200 in 174ms (next.js: 8ms, application-code: 166ms)
 GET /login 200 in 171ms (next.js: 8ms, application-code: 162ms)
 GET /login 200 in 171ms (next.js: 36ms, application-code: 135ms)
 GET /login 200 in 166ms (next.js: 43ms, application-code: 124ms)
 GET /login 200 in 137ms (next.js: 38ms, application-code: 99ms)
 GET /login 200 in 183ms (next.js: 6ms, application-code: 177ms)
 GET /login 200 in 156ms (next.js: 6ms, application-code: 149ms)
 GET /login 200 in 158ms (next.js: 7ms, application-code: 151ms)
 GET /login 200 in 157ms (next.js: 28ms, application-code: 129ms)
 GET /login 200 in 162ms (next.js: 30ms, application-code: 133ms)
 GET /login 200 in 141ms (next.js: 35ms, application-code: 106ms)
 GET /login 200 in 134ms (next.js: 6ms, application-code: 128ms)
 GET /login 200 in 101ms (next.js: 8ms, application-code: 92ms)
 GET /login 200 in 64ms (next.js: 6ms, application-code: 58ms)
 GET /login 200 in 64ms (next.js: 28ms, application-code: 36ms)
 GET /demo-login/tapiceria 307 in 1850ms (next.js: 1821ms, application-code: 29ms)
 GET /taller 307 in 515ms (next.js: 240ms, application-code: 275ms)
 GET /login 200 in 77ms (next.js: 6ms, application-code: 71ms)
 GET /demo-login/tapiceria 307 in 38ms (next.js: 15ms, application-code: 23ms)
 GET /demo-login/tapiceria 307 in 23ms (next.js: 11ms, application-code: 12ms)
 GET /taller 200 in 272ms (next.js: 6ms, application-code: 267ms)
 GET /taller/orders/2f8b7a1a-dae0-43f2-ad81-13b56f8b48f9 200 in 2.5s (next.js: 2.1s, application-code: 405ms)
✓ Compiled in 81ms
 GET /taller/orders/2f8b7a1a-dae0-43f2-ad81-13b56f8b48f9 200 in 676ms (next.js: 296ms, application-code: 380ms)
 GET /taller/orders/2f8b7a1a-dae0-43f2-ad81-13b56f8b48f9 200 in 201ms (next.js: 7ms, application-code: 194ms)
[?25h
